
[TestRunWorkflow_WithProgressTracker - 1]
[Spinner spinner-0]: Running step [38;2;244;213;141mtest_step[m (1/1)
[Finish spinner-0][1;38;2;58;125;68mâœ“[m  Running step [38;2;244;213;141mtest_step[m (1/1)


---
